* Getting build dependencies for wheel...
running egg_info
writing lean_kernel_verifier.egg-info/PKG-INFO
writing dependency_links to lean_kernel_verifier.egg-info/dependency_links.txt
writing entry points to lean_kernel_verifier.egg-info/entry_points.txt
writing requirements to lean_kernel_verifier.egg-info/requires.txt
writing top-level names to lean_kernel_verifier.egg-info/top_level.txt
reading manifest file 'lean_kernel_verifier.egg-info/SOURCES.txt'
adding license file 'LICENSE'
writing manifest file 'lean_kernel_verifier.egg-info/SOURCES.txt'
* Building wheel...
running bdist_wheel
running build
running build_py
copying lean_kernel_verifier/specification.py -> build/lib/lean_kernel_verifier
running egg_info
writing lean_kernel_verifier.egg-info/PKG-INFO
writing dependency_links to lean_kernel_verifier.egg-info/dependency_links.txt
writing entry points to lean_kernel_verifier.egg-info/entry_points.txt
writing requirements to lean_kernel_verifier.egg-info/requires.txt
writing top-level names to lean_kernel_verifier.egg-info/top_level.txt
reading manifest file 'lean_kernel_verifier.egg-info/SOURCES.txt'
adding license file 'LICENSE'
writing manifest file 'lean_kernel_verifier.egg-info/SOURCES.txt'
installing to build/bdist.linux-x86_64/wheel
running install
running install_lib
creating build/bdist.linux-x86_64/wheel
creating build/bdist.linux-x86_64/wheel/lean_kernel_verifier
copying build/lib/lean_kernel_verifier/specification.py -> build/bdist.linux-x86_64/wheel/./lean_kernel_verifier
creating build/bdist.linux-x86_64/wheel/lean_kernel_verifier/symbolic
copying build/lib/lean_kernel_verifier/symbolic/mining.py -> build/bdist.linux-x86_64/wheel/./lean_kernel_verifier/symbolic
copying build/lib/lean_kernel_verifier/symbolic/geometry_wu.py -> build/bdist.linux-x86_64/wheel/./lean_kernel_verifier/symbolic
copying build/lib/lean_kernel_verifier/symbolic/holonomic_lite.py -> build/bdist.linux-x86_64/wheel/./lean_kernel_verifier/symbolic
copying build/lib/lean_kernel_verifier/symbolic/__init__.py -> build/bdist.linux-x86_64/wheel/./lean_kernel_verifier/symbolic
copying build/lib/lean_kernel_verifier/certificates.py -> build/bdist.linux-x86_64/wheel/./lean_kernel_verifier
creating build/bdist.linux-x86_64/wheel/lean_kernel_verifier/runner
copying build/lib/lean_kernel_verifier/runner/checker_runner.py -> build/bdist.linux-x86_64/wheel/./lean_kernel_verifier/runner
copying build/lib/lean_kernel_verifier/runner/__init__.py -> build/bdist.linux-x86_64/wheel/./lean_kernel_verifier/runner
creating build/bdist.linux-x86_64/wheel/lean_kernel_verifier/gating
copying build/lib/lean_kernel_verifier/gating/trace_checks.py -> build/bdist.linux-x86_64/wheel/./lean_kernel_verifier/gating
copying build/lib/lean_kernel_verifier/gating/structural.py -> build/bdist.linux-x86_64/wheel/./lean_kernel_verifier/gating
copying build/lib/lean_kernel_verifier/gating/__init__.py -> build/bdist.linux-x86_64/wheel/./lean_kernel_verifier/gating
creating build/bdist.linux-x86_64/wheel/lean_kernel_verifier/sanitizer
copying build/lib/lean_kernel_verifier/sanitizer/template.py -> build/bdist.linux-x86_64/wheel/./lean_kernel_verifier/sanitizer
copying build/lib/lean_kernel_verifier/sanitizer/sanitizer.py -> build/bdist.linux-x86_64/wheel/./lean_kernel_verifier/sanitizer
copying build/lib/lean_kernel_verifier/sanitizer/__init__.py -> build/bdist.linux-x86_64/wheel/./lean_kernel_verifier/sanitizer
creating build/bdist.linux-x86_64/wheel/lean_kernel_verifier/core
copying build/lib/lean_kernel_verifier/core/contracts.py -> build/bdist.linux-x86_64/wheel/./lean_kernel_verifier/core
copying build/lib/lean_kernel_verifier/core/__init__.py -> build/bdist.linux-x86_64/wheel/./lean_kernel_verifier/core
copying build/lib/lean_kernel_verifier/core/failure_taxonomy.py -> build/bdist.linux-x86_64/wheel/./lean_kernel_verifier/core
copying build/lib/lean_kernel_verifier/core/types.py -> build/bdist.linux-x86_64/wheel/./lean_kernel_verifier/core
creating build/bdist.linux-x86_64/wheel/lean_kernel_verifier/consensus
copying build/lib/lean_kernel_verifier/consensus/trace_consensus.py -> build/bdist.linux-x86_64/wheel/./lean_kernel_verifier/consensus
copying build/lib/lean_kernel_verifier/consensus/__init__.py -> build/bdist.linux-x86_64/wheel/./lean_kernel_verifier/consensus
copying build/lib/lean_kernel_verifier/__main__.py -> build/bdist.linux-x86_64/wheel/./lean_kernel_verifier
copying build/lib/lean_kernel_verifier/__init__.py -> build/bdist.linux-x86_64/wheel/./lean_kernel_verifier
copying build/lib/lean_kernel_verifier/isolation.py -> build/bdist.linux-x86_64/wheel/./lean_kernel_verifier
running install_egg_info
Copying lean_kernel_verifier.egg-info to build/bdist.linux-x86_64/wheel/./lean_kernel_verifier-0.3.3-py3.12.egg-info
running install_scripts
creating build/bdist.linux-x86_64/wheel/lean_kernel_verifier-0.3.3.dist-info/WHEEL
creating '/workspace/scratch/402e0f94d80c/joint-final-20261003/wheels/.tmp-kh7pz9jw/lean_kernel_verifier-0.3.3-py3-none-any.whl' and adding 'build/bdist.linux-x86_64/wheel' to it
adding 'lean_kernel_verifier/__init__.py'
adding 'lean_kernel_verifier/__main__.py'
adding 'lean_kernel_verifier/certificates.py'
adding 'lean_kernel_verifier/isolation.py'
adding 'lean_kernel_verifier/specification.py'
adding 'lean_kernel_verifier/consensus/__init__.py'
adding 'lean_kernel_verifier/consensus/trace_consensus.py'
adding 'lean_kernel_verifier/core/__init__.py'
adding 'lean_kernel_verifier/core/contracts.py'
adding 'lean_kernel_verifier/core/failure_taxonomy.py'
adding 'lean_kernel_verifier/core/types.py'
adding 'lean_kernel_verifier/gating/__init__.py'
adding 'lean_kernel_verifier/gating/structural.py'
adding 'lean_kernel_verifier/gating/trace_checks.py'
adding 'lean_kernel_verifier/runner/__init__.py'
adding 'lean_kernel_verifier/runner/checker_runner.py'
adding 'lean_kernel_verifier/sanitizer/__init__.py'
adding 'lean_kernel_verifier/sanitizer/sanitizer.py'
adding 'lean_kernel_verifier/sanitizer/template.py'
adding 'lean_kernel_verifier/symbolic/__init__.py'
adding 'lean_kernel_verifier/symbolic/geometry_wu.py'
adding 'lean_kernel_verifier/symbolic/holonomic_lite.py'
adding 'lean_kernel_verifier/symbolic/mining.py'
adding 'lean_kernel_verifier-0.3.3.dist-info/licenses/LICENSE'
adding 'lean_kernel_verifier-0.3.3.dist-info/METADATA'
adding 'lean_kernel_verifier-0.3.3.dist-info/WHEEL'
adding 'lean_kernel_verifier-0.3.3.dist-info/entry_points.txt'
adding 'lean_kernel_verifier-0.3.3.dist-info/top_level.txt'
adding 'lean_kernel_verifier-0.3.3.dist-info/RECORD'
removing build/bdist.linux-x86_64/wheel
Successfully built lean_kernel_verifier-0.3.3-py3-none-any.whl
